// Jest Snapshot v1, https://goo.gl/fbAQLP

exports[`Matches 1`] = `
<div
  className="card bg-white ba br4 b--black-20 pointer grow"
  onClick={[Function]}
>
  <hr
    className="ma0 ntPoint5 center w-30 ba b--black-20"
  />
  <hr
    className="ma0 ntPoint5 center w-30 ba b--black-20"
  />
  <div
    className="card-body content-center tc pa4 pb5"
  >
    <img
      alt="card-icon"
      className="w-60"
      src="make-payment.png"
    />
    <h2
      className="b f2 mb4"
    >
      This is not a card
    </h2>
    <p
      className="f4 lh-copy"
    >
      This is a card
    </p>
  </div>
</div>
`;
